device = cuda | torch = 2.4.1+cu124 | MPS fallback = 1
λ_ewc = 100.0
[seqft seed3 K=1] AA=0.667 T1(bal=0.667, jac=0.17, kl=0.104) (8s)
[seqft seed3 K=2] AA=0.833 T1(bal=0.833, jac=0.06, kl=0.045) (12s)
[seqft seed3 K=4] AA=0.833 T1(bal=0.833, jac=0.02, kl=0.045) (19s)
[ewc seed3 K=1] AA=0.750 T1(bal=0.667, jac=0.33, kl=0.088) (22s)
[ewc seed3 K=2] AA=0.750 T1(bal=0.833, jac=0.00, kl=0.048) (28s)
[ewc seed3 K=4] AA=0.833 T1(bal=0.833, jac=0.02, kl=0.047) (36s)
[lwf seed3 K=1] AA=0.750 T1(bal=0.833, jac=0.33, kl=0.029) (39s)
[lwf seed3 K=2] AA=0.833 T1(bal=0.833, jac=0.11, kl=0.018) (43s)
[lwf seed3 K=4] AA=0.833 T1(bal=0.833, jac=0.10, kl=0.013) (51s)
[replay seed3 K=1] AA=0.833 T1(bal=0.833, jac=0.17, kl=0.043) (54s)
[replay seed3 K=2] AA=0.667 T1(bal=0.667, jac=0.17, kl=0.017) (60s)
[replay seed3 K=4] AA=0.917 T1(bal=0.833, jac=0.10, kl=0.017) (70s)
[distill seed3 K=1] AA=0.667 T1(bal=0.667, jac=0.50, kl=0.032) (73s)
[distill seed3 K=2] AA=0.833 T1(bal=0.833, jac=0.17, kl=0.016) (79s)
[distill seed3 K=4] AA=0.750 T1(bal=0.667, jac=0.13, kl=0.013) (90s)
[ours seed3 K=1] AA=0.833 T1(bal=0.833, jac=0.50, kl=0.024) (93s)
[ours seed3 K=2] AA=0.833 T1(bal=0.833, jac=0.22, kl=0.008) (99s)
[ours seed3 K=4] AA=0.750 T1(bal=0.833, jac=0.13, kl=0.004) (111s)
[joint seed3 K=1] AA=0.750 T1(bal=0.833, jac=0.17, kl=0.068) (114s)
[joint seed3 K=2] AA=0.750 T1(bal=0.833, jac=0.28, kl=0.019) (120s)
[joint seed3 K=4] AA=0.917 T1(bal=0.833, jac=0.07, kl=0.014) (130s)
done -> /workspace/mllm_hwsi_ah/runs/v2/v2_pilot40_main_cuda_20260815T122732Z/results/main/seed_3/cl_main_pilot40_main_v2_pilot40_main_cuda_20260815T122732Z_main_s3.csv
