device = cuda | torch = 2.4.1+cu124 | MPS fallback = 1
λ_ewc = 100.0
[seqft seed1 K=1] AA=0.667 T1(bal=0.833, jac=0.00, kl=0.301) (12s)
[seqft seed1 K=2] AA=0.500 T1(bal=0.500, jac=0.06, kl=0.050) (16s)
[seqft seed1 K=4] AA=0.750 T1(bal=0.833, jac=0.02, kl=0.032) (22s)
[ewc seed1 K=1] AA=0.583 T1(bal=0.833, jac=0.00, kl=0.292) (26s)
[ewc seed1 K=2] AA=0.583 T1(bal=0.500, jac=0.06, kl=0.055) (30s)
[ewc seed1 K=4] AA=0.917 T1(bal=1.000, jac=0.16, kl=0.028) (40s)
[lwf seed1 K=1] AA=0.667 T1(bal=0.833, jac=0.50, kl=0.135) (42s)
[lwf seed1 K=2] AA=0.667 T1(bal=1.000, jac=0.22, kl=0.017) (47s)
[lwf seed1 K=4] AA=0.667 T1(bal=0.833, jac=0.22, kl=0.013) (55s)
[replay seed1 K=1] AA=0.667 T1(bal=0.667, jac=0.33, kl=0.103) (58s)
[replay seed1 K=2] AA=0.417 T1(bal=0.500, jac=0.06, kl=0.061) (63s)
[replay seed1 K=4] AA=0.750 T1(bal=0.833, jac=0.08, kl=0.025) (74s)
[distill seed1 K=1] AA=0.750 T1(bal=1.000, jac=0.33, kl=0.053) (77s)
[distill seed1 K=2] AA=0.750 T1(bal=1.000, jac=0.22, kl=0.009) (83s)
[distill seed1 K=4] AA=0.583 T1(bal=0.833, jac=0.07, kl=0.006) (94s)
[ours seed1 K=1] AA=0.667 T1(bal=0.833, jac=0.33, kl=0.054) (98s)
[ours seed1 K=2] AA=0.583 T1(bal=0.667, jac=0.17, kl=0.011) (102s)
[ours seed1 K=4] AA=0.750 T1(bal=0.833, jac=0.10, kl=0.008) (112s)
[joint seed1 K=1] AA=0.833 T1(bal=1.000, jac=0.17, kl=0.099) (115s)
[joint seed1 K=2] AA=0.667 T1(bal=0.833, jac=0.06, kl=0.042) (120s)
[joint seed1 K=4] AA=0.833 T1(bal=1.000, jac=0.13, kl=0.019) (128s)
done -> /workspace/mllm_hwsi_ah/runs/v2/v2_pilot40_main_cuda_20260815T122732Z/results/main/seed_1/cl_main_pilot40_main_v2_pilot40_main_cuda_20260815T122732Z_main_s1.csv
