device = cuda | torch = 2.4.1+cu124 | MPS fallback = 1
λ_ewc = 100.0
[seqft seed2 K=1] AA=0.583 T1(bal=0.333, jac=0.00, kl=0.151) (12s)
[seqft seed2 K=2] AA=0.750 T1(bal=0.667, jac=0.00, kl=0.046) (17s)
[seqft seed2 K=4] AA=0.583 T1(bal=0.500, jac=0.02, kl=0.024) (23s)
[ewc seed2 K=1] AA=0.750 T1(bal=0.667, jac=0.00, kl=0.136) (26s)
[ewc seed2 K=2] AA=0.833 T1(bal=0.833, jac=0.06, kl=0.035) (33s)
[ewc seed2 K=4] AA=0.833 T1(bal=0.667, jac=0.10, kl=0.011) (45s)
[lwf seed2 K=1] AA=0.667 T1(bal=0.500, jac=0.00, kl=0.052) (48s)
[lwf seed2 K=2] AA=0.583 T1(bal=0.500, jac=0.06, kl=0.013) (53s)
[lwf seed2 K=4] AA=0.833 T1(bal=0.833, jac=0.08, kl=0.005) (61s)
[replay seed2 K=1] AA=0.667 T1(bal=0.500, jac=0.00, kl=0.049) (64s)
[replay seed2 K=2] AA=0.583 T1(bal=0.333, jac=0.00, kl=0.019) (70s)
[replay seed2 K=4] AA=0.667 T1(bal=0.500, jac=0.10, kl=0.015) (82s)
[distill seed2 K=1] AA=0.750 T1(bal=0.667, jac=0.33, kl=0.034) (85s)
[distill seed2 K=2] AA=0.667 T1(bal=0.500, jac=0.11, kl=0.015) (90s)
[distill seed2 K=4] AA=0.500 T1(bal=0.500, jac=0.23, kl=0.004) (101s)
[ours seed2 K=1] AA=0.583 T1(bal=0.333, jac=0.17, kl=0.026) (104s)
[ours seed2 K=2] AA=0.583 T1(bal=0.333, jac=0.06, kl=0.013) (111s)
[ours seed2 K=4] AA=0.667 T1(bal=0.500, jac=0.15, kl=0.004) (122s)
[joint seed2 K=1] AA=0.667 T1(bal=0.500, jac=0.17, kl=0.029) (126s)
[joint seed2 K=2] AA=0.833 T1(bal=0.667, jac=0.11, kl=0.021) (131s)
[joint seed2 K=4] AA=0.667 T1(bal=0.667, jac=0.05, kl=0.006) (142s)
done -> /workspace/mllm_hwsi_ah/runs/v2/v2_pilot40_main_cuda_20260815T122732Z/results/main/seed_2/cl_main_pilot40_main_v2_pilot40_main_cuda_20260815T122732Z_main_s2.csv
